<html><head></head><body>
  
    <div onclick="click(&quot;animation&quot;)">
    </div>
  
</body></html>