<html xmlns="http://unknown.namespace.com">
<head />
<body>


<table>

 <tr>
  <td>Col1</td>
  <td>Col2</td>
 </tr>
 <tr>
  <td>Content</td>
  <td>Content</td>
 </tr>

</table>
</body></html>