<?xml version="1.0" encoding="UTF-8"?>
<!DOCTYPE html PUBLIC "-//W3C//DTD XHTML 1.0 Strict//EN" "http://www.w3.org/TR/xhtml1/DTD/xhtml1-strict.dtd">
<html xmlns="http://www.w3.org/1999/xhtml" lang="en" xml:lang="en" xmlns:svg="http://www.w3.org/2000/svg">
<head><title>Test SVG cleaning</title>

</head>
<body>

    <p>before</p>
    <svg:svg version="1.1">
      
      <svg:title>A circle</svg:title>
      <svg:circle cx="100" cy="50" r="40" stroke="black" stroke-width="2" fill="red" />
    </svg:svg>
    <p>after</p>
  
</body></html>