<html>
<head />
<body>


<table>

 <tbody><tr>
  <td>Col1</td>
  <td>Col2</td>
 </tr>
 <tr>
  <td>Content</td>
  <td>Content</td>
 </tr>

</tbody></table>
</body></html>