<?xml version="1.0" encoding="UTF-8"?>
<!DOCTYPE html PUBLIC "-//W3C//DTD XHTML 1.0 Strict//EN" "http://www.w3.org/TR/xhtml1/DTD/xhtml1-strict.dtd">
<html xmlns="http://www.w3.org/1999/xhtml">
<head>
<title>Test case for #104</title>
<style type="text/css">/*<![CDATA[*/
  a {
    color: green;
    font-family: sans-serif;
  }
/*]]>*/</style>

</head>
<body>

<h1>Test case for <a href="https://sourceforge.net/p/htmlcleaner/bugs/104/">#104</a></h1>
<svg xmlns:svg="http://www.w3.org/2000/svg" xmlns="http://www.w3.org/2000/svg" xmlns:xlink="http://www.w3.org/1999/xlink" viewBox="0 -20 800 100" width="100%" preserveAspectRatio="xMinYMin meet" style="overflow: hidden;" text-rendering="optimizeLegibility">
  <style type="text/css">/*<![CDATA[*/
text {
  fill: black;
  font-family: sans-serif;
  text-anchor: middle;
}
a {
  fill: red;
  font-family: monospace;
}
  
/*]]>*/</style>
  <text y="0" x="400" class="bottom side chart-label" dy="0.7em">Linking from SVG: <a xlink:href="https://sourceforge.net/p/htmlcleaner/bugs/104/">see bug #104</a></text>
</svg>

</body></html>