<html>
<head>
 <script>/*<![CDATA[*/
function doStuff(){
  alert("<hello!>");
 }
/*]]>*/</script>
 <style>/*<![CDATA[*/
<><><>
/*]]>*/</style>

</head>
<body>

<p>&lt;![CDATA[test]]&gt;
</p></body></html>