<html xmlns:dc="http://purl.org/dc/elements/1.1/">
<head />
<body>

<dc:title>A test of mixing XML and HTML</dc:title>
</body></html>